// Jest Snapshot v1, https://goo.gl/fbAQLP

exports[`how to make frontmatter work 1`] = `
{
  "matter": {
    "field": "value",
  },
}
`;
